#!/bin/sh

if [ "$#" -ne 1 ]; then
	echo "Usage: ./loopThrough.sh [filename]" 
	exit 
fi 


files=$(ls *)

echo
echo

for file in $files; do
	if [ $1 == $file ]; then
		echo
		echo "Found file "$1"! Contents are:"
		echo 
		cat $file
		echo
		exit
	else
		echo "hm, this is file "$file"!"
		echo
	fi
done

echo "Darn! we couldn't find file "$1" for you".
echo
echo
